Using device: cuda
Loading model: google/gemma-3n-E4B-it
Error loading model: You are trying to access a gated repo.
Make sure to have access to it at https://huggingface.co/google/gemma-3n-E4B-it.
401 Client Error. (Request ID: Root=1-68708a5c-7399b8430deb5abe2ec23ce9;2210c281-9d25-4894-8b90-2c5c23ce1fa7)

Cannot access gated repo for url https://huggingface.co/google/gemma-3n-E4B-it/resolve/main/config.json.
Access to model google/gemma-3n-E4B-it is restricted. You must have access to it and be authenticated to access it. Please log in.
Falling back to BLIP-2 model...
Starting video analysis with Salesforce/blip2-opt-2.7b...
Video folder: ../../../../data/final_cut_videos/
Output CSV: ./results/results_gemma3ne4b.csv
Prompt: Given the scenario shown in the image, do you think this situation ends well or poorly? Answer with only one word.
Found 30 video files

==================================================
Processing video 1/30

Processing video: 11_final.mp4
Video info: 424 frames, 30.00 FPS, 14.13 seconds
Extracted 29 frames for analysis
Analyzing frame 1/29...
Response: 
Analyzing frame 2/29...
Response: 
Analyzing frame 3/29...
Response: 
Analyzing frame 4/29...
Response: 
Analyzing frame 5/29...
Response: 
Analyzing frame 6/29...
Response: 
Analyzing frame 7/29...
Response: 
Analyzing frame 8/29...
Response: 
Analyzing frame 9/29...
Response: 
Analyzing frame 10/29...
Response: 
Analyzing frame 11/29...
Response: 
Analyzing frame 12/29...
Response: 
Analyzing frame 13/29...
Response: 
Analyzing frame 14/29...
Response: 
Analyzing frame 15/29...
Response: 
Analyzing frame 16/29...
Response: 
Analyzing frame 17/29...
Response: 
Analyzing frame 18/29...
Response: 
Analyzing frame 19/29...
Response: 
Analyzing frame 20/29...
Response: 
Analyzing frame 21/29...
Response: 
Analyzing frame 22/29...
Response: 
Analyzing frame 23/29...
Response: 
Analyzing frame 24/29...
Response: 
Analyzing frame 25/29...
Response: 
Analyzing frame 26/29...
Response: 
Analyzing frame 27/29...
Response: 
Analyzing frame 28/29...
Response: 
Analyzing frame 29/29...
Response: 
Final prediction for 11_final.mp4: 

Results saved to ./results/results_gemma3ne4b.csv
Total frames processed: 29

==================================================
Processing video 2/30

Processing video: 12_final.mp4
Video info: 217 frames, 30.00 FPS, 7.23 seconds
Extracted 15 frames for analysis
Analyzing frame 1/15...
Response: 
Analyzing frame 2/15...
Response: 
Analyzing frame 3/15...
Response: 
Analyzing frame 4/15...
Response: 
Analyzing frame 5/15...
Response: 
Analyzing frame 6/15...
Response: 
Analyzing frame 7/15...
Response: 
Analyzing frame 8/15...
Response: 
Analyzing frame 9/15...
Response: 
Analyzing frame 10/15...
Response: 
Analyzing frame 11/15...
Response: 
Analyzing frame 12/15...
Response: 
Analyzing frame 13/15...
Response: 
Analyzing frame 14/15...
Response: 
Analyzing frame 15/15...
Response: 
Final prediction for 12_final.mp4: 

Results saved to ./results/results_gemma3ne4b.csv
Total frames processed: 44

==================================================
Processing video 3/30

Processing video: 14_final.mp4
Video info: 388 frames, 30.00 FPS, 12.93 seconds
Extracted 26 frames for analysis
Analyzing frame 1/26...
Response: 
Analyzing frame 2/26...
Response: 
Analyzing frame 3/26...
Response: 
Analyzing frame 4/26...
Response: 
Analyzing frame 5/26...
Response: 
Analyzing frame 6/26...
Response: 
Analyzing frame 7/26...
Response: 
Analyzing frame 8/26...
Response: 
Analyzing frame 9/26...
Response: 
Analyzing frame 10/26...
Response: 
Analyzing frame 11/26...
Response: 
Analyzing frame 12/26...
Response: 
Analyzing frame 13/26...
Response: 
Analyzing frame 14/26...
Response: 
Analyzing frame 15/26...
Response: 
Analyzing frame 16/26...
Response: 
Analyzing frame 17/26...
Response: 
Analyzing frame 18/26...
Response: 
Analyzing frame 19/26...
Response: 
Analyzing frame 20/26...
Response: 
Analyzing frame 21/26...
Response: 
Analyzing frame 22/26...
Response: 
Analyzing frame 23/26...
Response: 
Analyzing frame 24/26...
Response: 
Analyzing frame 25/26...
Response: 
Analyzing frame 26/26...
Response: 
Final prediction for 14_final.mp4: 

Results saved to ./results/results_gemma3ne4b.csv
Total frames processed: 70

==================================================
Processing video 4/30

Processing video: 15_final.mp4
Video info: 217 frames, 30.00 FPS, 7.23 seconds
Extracted 15 frames for analysis
Analyzing frame 1/15...
Response: 
Analyzing frame 2/15...
Response: 
Analyzing frame 3/15...
Response: 
Analyzing frame 4/15...
Response: 
Analyzing frame 5/15...
Response: 
Analyzing frame 6/15...
Response: 
Analyzing frame 7/15...
Response: 
Analyzing frame 8/15...
Response: 
Analyzing frame 9/15...
Response: 
Analyzing frame 10/15...
Response: 
Analyzing frame 11/15...
Response: 
Analyzing frame 12/15...
Response: 
Analyzing frame 13/15...
Response: 
Analyzing frame 14/15...
Response: 
Analyzing frame 15/15...
Response: 
Final prediction for 15_final.mp4: 

Results saved to ./results/results_gemma3ne4b.csv
Total frames processed: 85

==================================================
Processing video 5/30

Processing video: 19_final.mp4
Error: Could not open video 19_final.mp4
Failed to process 19_final.mp4

Results saved to ./results/results_gemma3ne4b.csv
Total frames processed: 85

==================================================
Processing video 6/30

Processing video: 21_final.mp4
Video info: 328 frames, 30.00 FPS, 10.93 seconds
Extracted 22 frames for analysis
Analyzing frame 1/22...
Response: 
Analyzing frame 2/22...
Response: 
Analyzing frame 3/22...
Response: 
Analyzing frame 4/22...
Response: 
Analyzing frame 5/22...
Response: 
Analyzing frame 6/22...
Response: 
Analyzing frame 7/22...
Response: 
Analyzing frame 8/22...
Response: 
Analyzing frame 9/22...
Response: 
Analyzing frame 10/22...
Response: 
Analyzing frame 11/22...
Response: 
Analyzing frame 12/22...
Response: 
Analyzing frame 13/22...
Response: 
Analyzing frame 14/22...
Response: 
Analyzing frame 15/22...
Response: 
Analyzing frame 16/22...
Response: 
Analyzing frame 17/22...
Response: 
Analyzing frame 18/22...
Response: 
Analyzing frame 19/22...
Response: 
Analyzing frame 20/22...
Response: 
Analyzing frame 21/22...
Response: 
Analyzing frame 22/22...
Response: 
Final prediction for 21_final.mp4: 

Results saved to ./results/results_gemma3ne4b.csv
Total frames processed: 107

==================================================
Processing video 7/30

Processing video: 22_final.mp4
Video info: 206 frames, 30.00 FPS, 6.87 seconds
Extracted 14 frames for analysis
Analyzing frame 1/14...
Response: 
Analyzing frame 2/14...
Response: 
Analyzing frame 3/14...
Response: 
Analyzing frame 4/14...
Response: 
Analyzing frame 5/14...
Response: 
Analyzing frame 6/14...
Response: 
Analyzing frame 7/14...
Response: 
Analyzing frame 8/14...
Response: 
Analyzing frame 9/14...
Response: 
Analyzing frame 10/14...
Response: 
Analyzing frame 11/14...
Response: 
Analyzing frame 12/14...
Response: 
Analyzing frame 13/14...
Response: 
Analyzing frame 14/14...
Response: 
Final prediction for 22_final.mp4: 

Results saved to ./results/results_gemma3ne4b.csv
Total frames processed: 121

==================================================
Processing video 8/30

Processing video: 24_final.mp4
Error: Could not open video 24_final.mp4
Failed to process 24_final.mp4

Results saved to ./results/results_gemma3ne4b.csv
Total frames processed: 121

==================================================
Processing video 9/30

Processing video: 29_final.mp4
Video info: 218 frames, 30.00 FPS, 7.27 seconds
Extracted 15 frames for analysis
Analyzing frame 1/15...
Response: 
Analyzing frame 2/15...
Response: 
Analyzing frame 3/15...
Response: 
Analyzing frame 4/15...
Response: 
Analyzing frame 5/15...
Response: 
Analyzing frame 6/15...
Response: 
Analyzing frame 7/15...
Response: 
Analyzing frame 8/15...
Response: 
Analyzing frame 9/15...
Response: 
Analyzing frame 10/15...
Response: 
Analyzing frame 11/15...
Response: 
Analyzing frame 12/15...
Response: 
Analyzing frame 13/15...
Response: 
Analyzing frame 14/15...
Response: 
Analyzing frame 15/15...
Response: 
Final prediction for 29_final.mp4: 

Results saved to ./results/results_gemma3ne4b.csv
Total frames processed: 136

==================================================
Processing video 10/30

Processing video: 30_final.mp4
Video info: 377 frames, 30.00 FPS, 12.57 seconds
Extracted 26 frames for analysis
Analyzing frame 1/26...
Response: 
Analyzing frame 2/26...
Response: 
Analyzing frame 3/26...
Response: 
Analyzing frame 4/26...
Response: 
Analyzing frame 5/26...
Response: 
Analyzing frame 6/26...
Response: 
Analyzing frame 7/26...
Response: 
Analyzing frame 8/26...
Response: 
Analyzing frame 9/26...
Response: 
Analyzing frame 10/26...
Response: 
Analyzing frame 11/26...
Response: 
Analyzing frame 12/26...
Response: 
Analyzing frame 13/26...
Response: 
Analyzing frame 14/26...
Response: 
Analyzing frame 15/26...
Response: 
Analyzing frame 16/26...
Response: 
Analyzing frame 17/26...
Response: 
Analyzing frame 18/26...
Response: 
Analyzing frame 19/26...
Response: 
Analyzing frame 20/26...
Response: 
Analyzing frame 21/26...
Response: 
Analyzing frame 22/26...
Response: 
Analyzing frame 23/26...
Response: 
Analyzing frame 24/26...
Response: 
Analyzing frame 25/26...
Response: 
Analyzing frame 26/26...
Response: 
Final prediction for 30_final.mp4: 

Results saved to ./results/results_gemma3ne4b.csv
Total frames processed: 162

==================================================
Processing video 11/30

Processing video: 31_final.mp4
Video info: 296 frames, 30.00 FPS, 9.87 seconds
Extracted 20 frames for analysis
Analyzing frame 1/20...
Response: 
Analyzing frame 2/20...
Response: 
Analyzing frame 3/20...
Response: 
Analyzing frame 4/20...
Response: 
Analyzing frame 5/20...
Response: 
Analyzing frame 6/20...
Response: 
Analyzing frame 7/20...
Response: 
Analyzing frame 8/20...
Response: 
Analyzing frame 9/20...
Response: 
Analyzing frame 10/20...
Response: 
Analyzing frame 11/20...
Response: 
Analyzing frame 12/20...
Response: 
Analyzing frame 13/20...
Response: 
Analyzing frame 14/20...
Response: 
Analyzing frame 15/20...
Response: 
Analyzing frame 16/20...
Response: 
Analyzing frame 17/20...
Response: 
Analyzing frame 18/20...
Response: 
Analyzing frame 19/20...
Response: 
Analyzing frame 20/20...
Response: 
Final prediction for 31_final.mp4: 

Results saved to ./results/results_gemma3ne4b.csv
Total frames processed: 182

==================================================
Processing video 12/30

Processing video: 33_final.mp4
Video info: 221 frames, 30.00 FPS, 7.37 seconds
Extracted 15 frames for analysis
Analyzing frame 1/15...
Response: 
Analyzing frame 2/15...
Response: 
Analyzing frame 3/15...
Response: 
Analyzing frame 4/15...
Response: 
Analyzing frame 5/15...
Response: 
Analyzing frame 6/15...
Response: 
Analyzing frame 7/15...
Response: 
Analyzing frame 8/15...
Response: 
Analyzing frame 9/15...
Response: 
Analyzing frame 10/15...
Response: 
Analyzing frame 11/15...
Response: 
Analyzing frame 12/15...
Response: 
Analyzing frame 13/15...
Response: 
Analyzing frame 14/15...
Response: 
Analyzing frame 15/15...
Response: 
Final prediction for 33_final.mp4: 

Results saved to ./results/results_gemma3ne4b.csv
Total frames processed: 197

==================================================
Processing video 13/30

Processing video: 34_final.mp4
Video info: 213 frames, 30.00 FPS, 7.10 seconds
Extracted 15 frames for analysis
Analyzing frame 1/15...
Response: 
Analyzing frame 2/15...
Response: 
Analyzing frame 3/15...
Response: 
Analyzing frame 4/15...
Response: 
Analyzing frame 5/15...
Response: 
Analyzing frame 6/15...
Response: 
Analyzing frame 7/15...
Response: 
Analyzing frame 8/15...
Response: 
Analyzing frame 9/15...
Response: 
Analyzing frame 10/15...
Response: 
Analyzing frame 11/15...
Response: 
Analyzing frame 12/15...
Response: 
Analyzing frame 13/15...
Response: 
Analyzing frame 14/15...
Response: 
Analyzing frame 15/15...
Response: 
Final prediction for 34_final.mp4: 

Results saved to ./results/results_gemma3ne4b.csv
Total frames processed: 212

==================================================
Processing video 14/30

Processing video: 40_final.mp4
Video info: 252 frames, 30.00 FPS, 8.40 seconds
Extracted 17 frames for analysis
Analyzing frame 1/17...
Response: 
Analyzing frame 2/17...
Response: 
Analyzing frame 3/17...
Response: 
Analyzing frame 4/17...
Response: 
Analyzing frame 5/17...
Response: 
Analyzing frame 6/17...
Response: 
Analyzing frame 7/17...
Response: 
Analyzing frame 8/17...
Response: 
Analyzing frame 9/17...
Response: 
Analyzing frame 10/17...
Response: 
Analyzing frame 11/17...
Response: 
Analyzing frame 12/17...
Response: 
Analyzing frame 13/17...
Response: 
Analyzing frame 14/17...
Response: 
Analyzing frame 15/17...
Response: 
Analyzing frame 16/17...
Response: 
Analyzing frame 17/17...
Response: 
Final prediction for 40_final.mp4: 

Results saved to ./results/results_gemma3ne4b.csv
Total frames processed: 229

==================================================
Processing video 15/30

Processing video: 41_final.mp4
Video info: 272 frames, 30.00 FPS, 9.07 seconds
Extracted 19 frames for analysis
Analyzing frame 1/19...
Response: 
Analyzing frame 2/19...
Response: 
Analyzing frame 3/19...
Response: 
Analyzing frame 4/19...
Response: 
Analyzing frame 5/19...
Response: 
Analyzing frame 6/19...
Response: 
Analyzing frame 7/19...
Response: 
Analyzing frame 8/19...
Response: 
Analyzing frame 9/19...
Response: 
Analyzing frame 10/19...
Response: 
Analyzing frame 11/19...
Response: 
Analyzing frame 12/19...
Response: 
Analyzing frame 13/19...
Response: 
Analyzing frame 14/19...
Response: 
Analyzing frame 15/19...
Response: 
Analyzing frame 16/19...
Response: 
Analyzing frame 17/19...
Response: 
Analyzing frame 18/19...
Response: 
Analyzing frame 19/19...
Response: 
Final prediction for 41_final.mp4: 

Results saved to ./results/results_gemma3ne4b.csv
Total frames processed: 248

==================================================
Processing video 16/30

Processing video: 44_final.mp4
Video info: 231 frames, 30.00 FPS, 7.70 seconds
Extracted 16 frames for analysis
Analyzing frame 1/16...
Response: 
Analyzing frame 2/16...
Response: 
Analyzing frame 3/16...
Response: 
Analyzing frame 4/16...
Response: 
Analyzing frame 5/16...
Response: 
Analyzing frame 6/16...
Response: 
Analyzing frame 7/16...
Response: 
Analyzing frame 8/16...
Response: 
Analyzing frame 9/16...
Response: 
Analyzing frame 10/16...
Response: 
Analyzing frame 11/16...
Response: 
Analyzing frame 12/16...
Response: 
Analyzing frame 13/16...
Response: 
Analyzing frame 14/16...
Response: 
Analyzing frame 15/16...
Response: 
Analyzing frame 16/16...
Response: 
Final prediction for 44_final.mp4: 

Results saved to ./results/results_gemma3ne4b.csv
Total frames processed: 264

==================================================
Processing video 17/30

Processing video: 46_final.mp4
Video info: 300 frames, 30.00 FPS, 10.00 seconds
Extracted 20 frames for analysis
Analyzing frame 1/20...
Response: 
Analyzing frame 2/20...
Response: 
Analyzing frame 3/20...
Response: 
Analyzing frame 4/20...
Response: 
Analyzing frame 5/20...
Response: 
Analyzing frame 6/20...
Response: 
Analyzing frame 7/20...
Response: 
Analyzing frame 8/20...
Response: 
Analyzing frame 9/20...
Response: 
Analyzing frame 10/20...
Response: 
Analyzing frame 11/20...
Response: 
Analyzing frame 12/20...
Response: 
Analyzing frame 13/20...
Response: 
Analyzing frame 14/20...
Response: 
Analyzing frame 15/20...
Response: 
Analyzing frame 16/20...
Response: 
Analyzing frame 17/20...
Response: 
Analyzing frame 18/20...
Response: 
Analyzing frame 19/20...
Response: 
Analyzing frame 20/20...
Response: 
Final prediction for 46_final.mp4: 

Results saved to ./results/results_gemma3ne4b.csv
Total frames processed: 284

==================================================
Processing video 18/30

Processing video: 48_final.mp4
Video info: 242 frames, 30.00 FPS, 8.07 seconds
Extracted 17 frames for analysis
Analyzing frame 1/17...
Response: 
Analyzing frame 2/17...
Response: 
Analyzing frame 3/17...
Response: 
Analyzing frame 4/17...
Response: 
Analyzing frame 5/17...
Response: 
Analyzing frame 6/17...
Response: 
Analyzing frame 7/17...
Response: 
Analyzing frame 8/17...
Response: 
Analyzing frame 9/17...
Response: 
Analyzing frame 10/17...
Response: 
Analyzing frame 11/17...
Response: 
Analyzing frame 12/17...
Response: 
Analyzing frame 13/17...
Response: 
Analyzing frame 14/17...
Response: 
Analyzing frame 15/17...
Response: 
Analyzing frame 16/17...
Response: 
Analyzing frame 17/17...
Response: 
Final prediction for 48_final.mp4: 

Results saved to ./results/results_gemma3ne4b.csv
Total frames processed: 301

==================================================
Processing video 19/30

Processing video: 49_final.mp4
Video info: 350 frames, 30.00 FPS, 11.67 seconds
Extracted 24 frames for analysis
Analyzing frame 1/24...
Response: 
Analyzing frame 2/24...
Response: 
Analyzing frame 3/24...
Response: 
Analyzing frame 4/24...
Response: 
Analyzing frame 5/24...
Response: 
Analyzing frame 6/24...
Response: 
Analyzing frame 7/24...
Response: 
Analyzing frame 8/24...
Response: 
Analyzing frame 9/24...
Response: 
Analyzing frame 10/24...
Response: 
Analyzing frame 11/24...
Response: 
Analyzing frame 12/24...
Response: 
Analyzing frame 13/24...
Response: 
Analyzing frame 14/24...
Response: 
Analyzing frame 15/24...
Response: 
Analyzing frame 16/24...
Response: 
Analyzing frame 17/24...
Response: 
Analyzing frame 18/24...
Response: 
Analyzing frame 19/24...
Response: 
Analyzing frame 20/24...
Response: 
Analyzing frame 21/24...
Response: 
Analyzing frame 22/24...
Response: 
Analyzing frame 23/24...
Response: 
Analyzing frame 24/24...
Response: 
Final prediction for 49_final.mp4: 

Results saved to ./results/results_gemma3ne4b.csv
Total frames processed: 325

==================================================
Processing video 20/30

Processing video: 50_final.mp4
Video info: 268 frames, 30.00 FPS, 8.93 seconds
Extracted 18 frames for analysis
Analyzing frame 1/18...
Response: 
Analyzing frame 2/18...
Response: 
Analyzing frame 3/18...
Response: 
Analyzing frame 4/18...
Response: 
Analyzing frame 5/18...
Response: 
Analyzing frame 6/18...
Response: 
Analyzing frame 7/18...
Response: 
Analyzing frame 8/18...
Response: 
Analyzing frame 9/18...
Response: 
Analyzing frame 10/18...
Response: 
Analyzing frame 11/18...
Response: 
Analyzing frame 12/18...
Response: 
Analyzing frame 13/18...
Response: 
Analyzing frame 14/18...
Response: 
Analyzing frame 15/18...
Response: 
Analyzing frame 16/18...
Response: 
Analyzing frame 17/18...
Response: 
Analyzing frame 18/18...
Response: 
Final prediction for 50_final.mp4: 

Results saved to ./results/results_gemma3ne4b.csv
Total frames processed: 343

==================================================
Processing video 21/30

Processing video: 52_final.mp4
Video info: 597 frames, 30.00 FPS, 19.90 seconds
Extracted 40 frames for analysis
Analyzing frame 1/40...
Response: 
Analyzing frame 2/40...
Response: 
Analyzing frame 3/40...
Response: 
Analyzing frame 4/40...
Response: 
Analyzing frame 5/40...
Response: 
Analyzing frame 6/40...
Response: 
Analyzing frame 7/40...
Response: 
Analyzing frame 8/40...
Response: 
Analyzing frame 9/40...
Response: 
Analyzing frame 10/40...
Response: 
Analyzing frame 11/40...
Response: 
Analyzing frame 12/40...
Response: 
Analyzing frame 13/40...
Response: 
Analyzing frame 14/40...
Response: 
Analyzing frame 15/40...
Response: 
Analyzing frame 16/40...
Response: 
Analyzing frame 17/40...
Response: 
Analyzing frame 18/40...
Response: 
Analyzing frame 19/40...
Response: 
Analyzing frame 20/40...
Response: 
Analyzing frame 21/40...
Response: 
Analyzing frame 22/40...
Response: 
Analyzing frame 23/40...
Response: 
Analyzing frame 24/40...
Response: 
Analyzing frame 25/40...
Response: 
Analyzing frame 26/40...
Response: 
Analyzing frame 27/40...
Response: 
Analyzing frame 28/40...
Response: 
Analyzing frame 29/40...
Response: 
Analyzing frame 30/40...
Response: 
Analyzing frame 31/40...
Response: 
Analyzing frame 32/40...
Response: 
Analyzing frame 33/40...
Response: 
Analyzing frame 34/40...
Response: 
Analyzing frame 35/40...
Response: 
Analyzing frame 36/40...
Response: 
Analyzing frame 37/40...
Response: 
Analyzing frame 38/40...
Response: 
Analyzing frame 39/40...
Response: 
Analyzing frame 40/40...
Response: 
Final prediction for 52_final.mp4: 

Results saved to ./results/results_gemma3ne4b.csv
Total frames processed: 383

==================================================
Processing video 22/30

Processing video: 53_final.mp4
Video info: 328 frames, 30.00 FPS, 10.93 seconds
Extracted 22 frames for analysis
Analyzing frame 1/22...
Response: 
Analyzing frame 2/22...
Response: 
Analyzing frame 3/22...
Response: 
Analyzing frame 4/22...
Response: 
Analyzing frame 5/22...
Response: 
Analyzing frame 6/22...
Response: 
Analyzing frame 7/22...
Response: 
Analyzing frame 8/22...
Response: 
Analyzing frame 9/22...
Response: 
Analyzing frame 10/22...
Response: 
Analyzing frame 11/22...
Response: 
Analyzing frame 12/22...
Response: 
Analyzing frame 13/22...
Response: 
Analyzing frame 14/22...
Response: 
Analyzing frame 15/22...
Response: 
Analyzing frame 16/22...
Response: 
Analyzing frame 17/22...
Response: 
Analyzing frame 18/22...
Response: 
Analyzing frame 19/22...
Response: 
Analyzing frame 20/22...
Response: 
Analyzing frame 21/22...
Response: 
Analyzing frame 22/22...
Response: 
Final prediction for 53_final.mp4: 

Results saved to ./results/results_gemma3ne4b.csv
Total frames processed: 405

==================================================
Processing video 23/30

Processing video: 54_final.mp4
Video info: 260 frames, 30.00 FPS, 8.67 seconds
Extracted 18 frames for analysis
Analyzing frame 1/18...
Response: 
Analyzing frame 2/18...
Response: 
Analyzing frame 3/18...
Response: 
Analyzing frame 4/18...
Response: 
Analyzing frame 5/18...
Response: 
Analyzing frame 6/18...
Response: 
Analyzing frame 7/18...
Response: 
Analyzing frame 8/18...
Response: 
Analyzing frame 9/18...
Response: 
Analyzing frame 10/18...
Response: 
Analyzing frame 11/18...
Response: 
Analyzing frame 12/18...
Response: 
Analyzing frame 13/18...
Response: 
Analyzing frame 14/18...
Response: 
Analyzing frame 15/18...
Response: 
Analyzing frame 16/18...
Response: 
Analyzing frame 17/18...
Response: 
Analyzing frame 18/18...
Response: 
Final prediction for 54_final.mp4: 

Results saved to ./results/results_gemma3ne4b.csv
Total frames processed: 423

==================================================
Processing video 24/30

Processing video: 55_final.mp4
Video info: 269 frames, 30.00 FPS, 8.97 seconds
Extracted 18 frames for analysis
Analyzing frame 1/18...
Response: 
Analyzing frame 2/18...
Response: 
Analyzing frame 3/18...
Response: 
Analyzing frame 4/18...
Response: 
Analyzing frame 5/18...
Response: 
Analyzing frame 6/18...
Response: 
Analyzing frame 7/18...
Response: 
Analyzing frame 8/18...
Response: 
Analyzing frame 9/18...
Response: 
Analyzing frame 10/18...
Response: 
Analyzing frame 11/18...
Response: 
Analyzing frame 12/18...
Response: 
Analyzing frame 13/18...
Response: 
Analyzing frame 14/18...
Response: 
Analyzing frame 15/18...
Response: 
Analyzing frame 16/18...
Response: 
Analyzing frame 17/18...
Response: 
Analyzing frame 18/18...
Response: 
Final prediction for 55_final.mp4: 

Results saved to ./results/results_gemma3ne4b.csv
Total frames processed: 441

==================================================
Processing video 25/30

Processing video: 57_final.mp4
Video info: 275 frames, 30.00 FPS, 9.17 seconds
Extracted 19 frames for analysis
Analyzing frame 1/19...
Response: 
Analyzing frame 2/19...
Response: 
Analyzing frame 3/19...
Response: 
Analyzing frame 4/19...
Response: 
Analyzing frame 5/19...
Response: 
Analyzing frame 6/19...
Response: 
Analyzing frame 7/19...
Response: 
Analyzing frame 8/19...
Response: 
Analyzing frame 9/19...
Response: 
Analyzing frame 10/19...
Response: 
Analyzing frame 11/19...
Response: 
Analyzing frame 12/19...
Response: 
Analyzing frame 13/19...
Response: 
Analyzing frame 14/19...
Response: 
Analyzing frame 15/19...
Response: 
Analyzing frame 16/19...
Response: 
Analyzing frame 17/19...
Response: 
Analyzing frame 18/19...
Response: 
Analyzing frame 19/19...
Response: 
Final prediction for 57_final.mp4: 

Results saved to ./results/results_gemma3ne4b.csv
Total frames processed: 460

==================================================
Processing video 26/30

Processing video: 59_final.mp4
Video info: 270 frames, 30.00 FPS, 9.00 seconds
Extracted 18 frames for analysis
Analyzing frame 1/18...
Response: 
Analyzing frame 2/18...
Response: 
Analyzing frame 3/18...
Response: 
Analyzing frame 4/18...
Response: 
Analyzing frame 5/18...
Response: 
Analyzing frame 6/18...
Response: 
Analyzing frame 7/18...
Response: 
Analyzing frame 8/18...
Response: 
Analyzing frame 9/18...
Response: 
Analyzing frame 10/18...
Response: 
Analyzing frame 11/18...
Response: 
Analyzing frame 12/18...
Response: 
Analyzing frame 13/18...
Response: 
Analyzing frame 14/18...
Response: 
Analyzing frame 15/18...
Response: 
Analyzing frame 16/18...
Response: 
Analyzing frame 17/18...
Response: 
Analyzing frame 18/18...
Response: 
Final prediction for 59_final.mp4: 

Results saved to ./results/results_gemma3ne4b.csv
Total frames processed: 478

==================================================
Processing video 27/30

Processing video: 60_final.mp4
Error: Could not open video 60_final.mp4
Failed to process 60_final.mp4

Results saved to ./results/results_gemma3ne4b.csv
Total frames processed: 478

==================================================
Processing video 28/30

Processing video: 6_final.mp4
Video info: 184 frames, 30.00 FPS, 6.13 seconds
Extracted 13 frames for analysis
Analyzing frame 1/13...
Response: 
Analyzing frame 2/13...
Response: 
Analyzing frame 3/13...
Response: 
Analyzing frame 4/13...
Response: 
Analyzing frame 5/13...
Response: 
Analyzing frame 6/13...
Response: 
Analyzing frame 7/13...
Response: 
Analyzing frame 8/13...
Response: 
Analyzing frame 9/13...
Response: 
Analyzing frame 10/13...
Response: 
Analyzing frame 11/13...
Response: 
Analyzing frame 12/13...
Response: 
Analyzing frame 13/13...
Response: 
Final prediction for 6_final.mp4: 

Results saved to ./results/results_gemma3ne4b.csv
Total frames processed: 491

==================================================
Processing video 29/30

Processing video: 7_final.mp4
Video info: 244 frames, 30.00 FPS, 8.13 seconds
Extracted 17 frames for analysis
Analyzing frame 1/17...
Response: 
Analyzing frame 2/17...
Response: 
Analyzing frame 3/17...
Response: 
Analyzing frame 4/17...
Response: 
Analyzing frame 5/17...
Response: 
Analyzing frame 6/17...
Response: 
Analyzing frame 7/17...
Response: 
Analyzing frame 8/17...
Response: 
Analyzing frame 9/17...
Response: 
Analyzing frame 10/17...
Response: 
Analyzing frame 11/17...
Response: 
Analyzing frame 12/17...
Response: 
Analyzing frame 13/17...
Response: 
Analyzing frame 14/17...
Response: 
Analyzing frame 15/17...
Response: 
Analyzing frame 16/17...
Response: 
Analyzing frame 17/17...
Response: 
Final prediction for 7_final.mp4: 

Results saved to ./results/results_gemma3ne4b.csv
Total frames processed: 508

==================================================
Processing video 30/30

Processing video: 9_final.mp4
Video info: 296 frames, 30.00 FPS, 9.87 seconds
Extracted 20 frames for analysis
Analyzing frame 1/20...
Response: 
Analyzing frame 2/20...
Response: 
Analyzing frame 3/20...
Response: 
Analyzing frame 4/20...
Response: 
Analyzing frame 5/20...
Response: 
Analyzing frame 6/20...
Response: 
Analyzing frame 7/20...
Response: 
Analyzing frame 8/20...
Response: 
Analyzing frame 9/20...
Response: 
Analyzing frame 10/20...
Response: 
Analyzing frame 11/20...
Response: 
Analyzing frame 12/20...
Response: 
Analyzing frame 13/20...
Response: 
Analyzing frame 14/20...
Response: 
Analyzing frame 15/20...
Response: 
Analyzing frame 16/20...
Response: 
Analyzing frame 17/20...
Response: 
Analyzing frame 18/20...
Response: 
Analyzing frame 19/20...
Response: 
Analyzing frame 20/20...
Response: 
Final prediction for 9_final.mp4: 

Results saved to ./results/results_gemma3ne4b.csv
Total frames processed: 528

Results saved to ./results/results_gemma3ne4b.csv
Total frames processed: 528

==================================================
Analysis complete!
